// Jest Snapshot v1, https://goo.gl/fbAQLP

exports[`ProjectCard renders expected structure 1`] = `
<div>
  Project Card
</div>
`;
